// Jest Snapshot v1, https://goo.gl/fbAQLP

exports[`Test if my_profile renderers correctly 1`] = `
<div
  className="myProfile"
>
  <section
    className="my-comp"
  >
    <h2>
      My Mission
    </h2>
    <p>
      No Missions Joined
    </p>
  </section>
  <section
    className="my-comp"
  >
    <h2>
      My Rockets
    </h2>
    <p>
      No Rockets Reserved
    </p>
  </section>
</div>
`;
